--------------------------------------------------------------------------------
Release 14.7 Trace  (nt64)
Copyright (c) 1995-2013 Xilinx, Inc.  All rights reserved.

C:\Xilinx\14.7\ISE_DS\ISE\bin\nt64\unwrapped\trce.exe -intstyle ise -v 3 -s 5
-n 3 -fastpaths -xml alub.twx alub.ncd -o alub.twr alub.pcf -ucf ucfalub.ucf

Design file:              alub.ncd
Physical constraint file: alub.pcf
Device,package,speed:     xc3s50a,tq144,-5 (PRODUCTION 1.42 2013-10-13)
Report level:             verbose report

Environment Variable      Effect 
--------------------      ------ 
NONE                      No environment variables were set
--------------------------------------------------------------------------------

INFO:Timing:2698 - No timing constraints found, doing default enumeration.
INFO:Timing:3412 - To improve timing, see the Timing Closure User Guide (UG612).
INFO:Timing:2752 - To get complete path coverage, use the unconstrained paths 
   option. All paths that are not constrained will be reported in the 
   unconstrained paths section(s) of the report.
INFO:Timing:3339 - The clock-to-out numbers in this timing report are based on 
   a 50 Ohm transmission line loading model.  For the details of this model, 
   and for more information on accounting for different loading conditions, 
   please see the device datasheet.
INFO:Timing:3390 - This architecture does not support a default System Jitter 
   value, please add SYSTEM_JITTER constraint to the UCF to modify the Clock 
   Uncertainty calculation.
INFO:Timing:3389 - This architecture does not support 'Discrete Jitter' and 
   'Phase Error' calculations, these terms will be zero in the Clock 
   Uncertainty calculation.  Please make appropriate modification to 
   SYSTEM_JITTER to account for the unsupported Discrete Jitter and Phase 
   Error.



Data Sheet report:
-----------------
All values displayed in nanoseconds (ns)

Pad to Pad
---------------+---------------+---------+
Source Pad     |Destination Pad|  Delay  |
---------------+---------------+---------+
ina<0>         |led<0>         |    8.454|
ina<0>         |led<1>         |    9.540|
ina<0>         |led<2>         |    8.978|
ina<0>         |led<3>         |    9.531|
ina<1>         |led<1>         |    9.748|
ina<1>         |led<2>         |    9.799|
ina<1>         |led<3>         |   10.314|
ina<2>         |led<2>         |    8.802|
ina<2>         |led<3>         |    8.939|
ina<3>         |led<3>         |    8.654|
inb<0>         |led<0>         |    7.939|
inb<0>         |led<1>         |    9.427|
inb<0>         |led<2>         |    8.865|
inb<0>         |led<3>         |    9.418|
inb<1>         |led<1>         |    8.908|
inb<1>         |led<2>         |    8.959|
inb<1>         |led<3>         |    9.474|
inb<2>         |led<2>         |    8.588|
inb<2>         |led<3>         |    8.725|
inb<3>         |led<3>         |    8.546|
sel<0>         |led<0>         |    8.638|
sel<0>         |led<1>         |   10.881|
sel<0>         |led<2>         |   10.319|
sel<0>         |led<3>         |   10.872|
sel<1>         |led<0>         |    8.704|
sel<1>         |led<1>         |   10.908|
sel<1>         |led<2>         |   10.346|
sel<1>         |led<3>         |   10.899|
sel<2>         |led<0>         |    8.979|
sel<2>         |led<1>         |   11.614|
sel<2>         |led<2>         |   11.052|
sel<2>         |led<3>         |   11.605|
---------------+---------------+---------+


Analysis completed Thu Apr 25 21:27:42 2019 
--------------------------------------------------------------------------------

Trace Settings:
-------------------------
Trace Settings 

Peak Memory Usage: 4504 MB



